// Jest Snapshot v1, https://goo.gl/fbAQLP

exports[`success should log the success message 1`] = `
Array [
  Array [
    "This is success.",
  ],
]
`;
